[2025-04-04 03:53:06] local.ERROR: Call to undefined function App\Providers\getLanguage() {"exception":"[object] (Error(code: 0): Call to undefined function App\\Providers\\getLanguage() at C:\\xampp\\htdocs\\test_project\\src\\app\\Providers\\AppServiceProvider.php:34)
[stacktrace]
#0 C:\\xampp\\htdocs\\test_project\\src\\vendor\\laravel\\framework\\src\\Illuminate\\View\\Concerns\\ManagesEvents.php(162): App\\Providers\\AppServiceProvider->App\\Providers\\{closure}(Object(Illuminate\\View\\View))
#1 C:\\xampp\\htdocs\\test_project\\src\\vendor\\laravel\\framework\\src\\Illuminate\\Events\\Dispatcher.php(456): Illuminate\\View\\Factory->Illuminate\\View\\Concerns\\{closure}('composing: send...', Array)
#2 C:\\xampp\\htdocs\\test_project\\src\\vendor\\laravel\\framework\\src\\Illuminate\\Events\\Dispatcher.php(287): Illuminate\\Events\\Dispatcher->Illuminate\\Events\\{closure}('composing: send...', Array)
#3 C:\\xampp\\htdocs\\test_project\\src\\vendor\\laravel\\framework\\src\\Illuminate\\Events\\Dispatcher.php(267): Illuminate\\Events\\Dispatcher->invokeListeners('composing: send...', Array, false)
#4 C:\\xampp\\htdocs\\test_project\\src\\vendor\\laravel\\framework\\src\\Illuminate\\View\\Concerns\\ManagesEvents.php(178): Illuminate\\Events\\Dispatcher->dispatch('composing: send...', Array)
#5 C:\\xampp\\htdocs\\test_project\\src\\vendor\\laravel\\framework\\src\\Illuminate\\View\\View.php(190): Illuminate\\View\\Factory->callComposer(Object(Illuminate\\View\\View))
#6 C:\\xampp\\htdocs\\test_project\\src\\vendor\\laravel\\framework\\src\\Illuminate\\View\\View.php(161): Illuminate\\View\\View->renderContents()
#7 C:\\xampp\\htdocs\\test_project\\src\\vendor\\laravel\\framework\\src\\Illuminate\\Mail\\Mailer.php(445): Illuminate\\View\\View->render()
#8 C:\\xampp\\htdocs\\test_project\\src\\vendor\\laravel\\framework\\src\\Illuminate\\Mail\\Mailer.php(420): Illuminate\\Mail\\Mailer->renderView('sendEmail.clien...', Array)
#9 C:\\xampp\\htdocs\\test_project\\src\\vendor\\laravel\\framework\\src\\Illuminate\\Mail\\Mailer.php(313): Illuminate\\Mail\\Mailer->addContent(Object(Illuminate\\Mail\\Message), 'sendEmail.clien...', NULL, NULL, Array)
#10 C:\\xampp\\htdocs\\test_project\\src\\vendor\\laravel\\framework\\src\\Illuminate\\Mail\\Mailable.php(206): Illuminate\\Mail\\Mailer->send('sendEmail.clien...', Array, Object(Closure))
#11 C:\\xampp\\htdocs\\test_project\\src\\vendor\\laravel\\framework\\src\\Illuminate\\Support\\Traits\\Localizable.php(19): Illuminate\\Mail\\Mailable->Illuminate\\Mail\\{closure}()
#12 C:\\xampp\\htdocs\\test_project\\src\\vendor\\laravel\\framework\\src\\Illuminate\\Mail\\Mailable.php(199): Illuminate\\Mail\\Mailable->withLocale(NULL, Object(Closure))
#13 C:\\xampp\\htdocs\\test_project\\src\\vendor\\laravel\\framework\\src\\Illuminate\\Mail\\Mailer.php(354): Illuminate\\Mail\\Mailable->send(Object(Illuminate\\Mail\\Mailer))
#14 C:\\xampp\\htdocs\\test_project\\src\\vendor\\laravel\\framework\\src\\Illuminate\\Mail\\Mailer.php(301): Illuminate\\Mail\\Mailer->sendMailable(Object(App\\Mail\\Client\\VerifyEmail))
#15 C:\\xampp\\htdocs\\test_project\\src\\vendor\\laravel\\framework\\src\\Illuminate\\Mail\\PendingMail.php(124): Illuminate\\Mail\\Mailer->send(Object(App\\Mail\\Client\\VerifyEmail))
#16 C:\\xampp\\htdocs\\test_project\\src\\app\\Jobs\\Client\\VerifyEmailJob.php(31): Illuminate\\Mail\\PendingMail->send(Object(App\\Mail\\Client\\VerifyEmail))
#17 C:\\xampp\\htdocs\\test_project\\src\\vendor\\laravel\\framework\\src\\Illuminate\\Container\\BoundMethod.php(36): App\\Jobs\\Client\\VerifyEmailJob->handle()
#18 C:\\xampp\\htdocs\\test_project\\src\\vendor\\laravel\\framework\\src\\Illuminate\\Container\\Util.php(43): Illuminate\\Container\\BoundMethod::Illuminate\\Container\\{closure}()
#19 C:\\xampp\\htdocs\\test_project\\src\\vendor\\laravel\\framework\\src\\Illuminate\\Container\\BoundMethod.php(95): Illuminate\\Container\\Util::unwrapIfClosure(Object(Closure))
#20 C:\\xampp\\htdocs\\test_project\\src\\vendor\\laravel\\framework\\src\\Illuminate\\Container\\BoundMethod.php(35): Illuminate\\Container\\BoundMethod::callBoundMethod(Object(Illuminate\\Foundation\\Application), Array, Object(Closure))
#21 C:\\xampp\\htdocs\\test_project\\src\\vendor\\laravel\\framework\\src\\Illuminate\\Container\\Container.php(696): Illuminate\\Container\\BoundMethod::call(Object(Illuminate\\Foundation\\Application), Array, Array, NULL)
#22 C:\\xampp\\htdocs\\test_project\\src\\vendor\\laravel\\framework\\src\\Illuminate\\Bus\\Dispatcher.php(126): Illuminate\\Container\\Container->call(Array)
#23 C:\\xampp\\htdocs\\test_project\\src\\vendor\\laravel\\framework\\src\\Illuminate\\Pipeline\\Pipeline.php(170): Illuminate\\Bus\\Dispatcher->Illuminate\\Bus\\{closure}(Object(App\\Jobs\\Client\\VerifyEmailJob))
#24 C:\\xampp\\htdocs\\test_project\\src\\vendor\\laravel\\framework\\src\\Illuminate\\Pipeline\\Pipeline.php(127): Illuminate\\Pipeline\\Pipeline->Illuminate\\Pipeline\\{closure}(Object(App\\Jobs\\Client\\VerifyEmailJob))
#25 C:\\xampp\\htdocs\\test_project\\src\\vendor\\laravel\\framework\\src\\Illuminate\\Bus\\Dispatcher.php(130): Illuminate\\Pipeline\\Pipeline->then(Object(Closure))
#26 C:\\xampp\\htdocs\\test_project\\src\\vendor\\laravel\\framework\\src\\Illuminate\\Queue\\CallQueuedHandler.php(126): Illuminate\\Bus\\Dispatcher->dispatchNow(Object(App\\Jobs\\Client\\VerifyEmailJob), false)
#27 C:\\xampp\\htdocs\\test_project\\src\\vendor\\laravel\\framework\\src\\Illuminate\\Pipeline\\Pipeline.php(170): Illuminate\\Queue\\CallQueuedHandler->Illuminate\\Queue\\{closure}(Object(App\\Jobs\\Client\\VerifyEmailJob))
#28 C:\\xampp\\htdocs\\test_project\\src\\vendor\\laravel\\framework\\src\\Illuminate\\Pipeline\\Pipeline.php(127): Illuminate\\Pipeline\\Pipeline->Illuminate\\Pipeline\\{closure}(Object(App\\Jobs\\Client\\VerifyEmailJob))
#29 C:\\xampp\\htdocs\\test_project\\src\\vendor\\laravel\\framework\\src\\Illuminate\\Queue\\CallQueuedHandler.php(121): Illuminate\\Pipeline\\Pipeline->then(Object(Closure))
#30 C:\\xampp\\htdocs\\test_project\\src\\vendor\\laravel\\framework\\src\\Illuminate\\Queue\\CallQueuedHandler.php(69): Illuminate\\Queue\\CallQueuedHandler->dispatchThroughMiddleware(Object(Illuminate\\Queue\\Jobs\\DatabaseJob), Object(App\\Jobs\\Client\\VerifyEmailJob))
#31 C:\\xampp\\htdocs\\test_project\\src\\vendor\\laravel\\framework\\src\\Illuminate\\Queue\\Jobs\\Job.php(102): Illuminate\\Queue\\CallQueuedHandler->call(Object(Illuminate\\Queue\\Jobs\\DatabaseJob), Array)
#32 C:\\xampp\\htdocs\\test_project\\src\\vendor\\laravel\\framework\\src\\Illuminate\\Queue\\Worker.php(442): Illuminate\\Queue\\Jobs\\Job->fire()
#33 C:\\xampp\\htdocs\\test_project\\src\\vendor\\laravel\\framework\\src\\Illuminate\\Queue\\Worker.php(392): Illuminate\\Queue\\Worker->process('database', Object(Illuminate\\Queue\\Jobs\\DatabaseJob), Object(Illuminate\\Queue\\WorkerOptions))
#34 C:\\xampp\\htdocs\\test_project\\src\\vendor\\laravel\\framework\\src\\Illuminate\\Queue\\Worker.php(178): Illuminate\\Queue\\Worker->runJob(Object(Illuminate\\Queue\\Jobs\\DatabaseJob), 'database', Object(Illuminate\\Queue\\WorkerOptions))
#35 C:\\xampp\\htdocs\\test_project\\src\\vendor\\laravel\\framework\\src\\Illuminate\\Queue\\Console\\WorkCommand.php(149): Illuminate\\Queue\\Worker->daemon('database', 'default', Object(Illuminate\\Queue\\WorkerOptions))
#36 C:\\xampp\\htdocs\\test_project\\src\\vendor\\laravel\\framework\\src\\Illuminate\\Queue\\Console\\WorkCommand.php(132): Illuminate\\Queue\\Console\\WorkCommand->runWorker('database', 'default')
#37 C:\\xampp\\htdocs\\test_project\\src\\vendor\\laravel\\framework\\src\\Illuminate\\Container\\BoundMethod.php(36): Illuminate\\Queue\\Console\\WorkCommand->handle()
#38 C:\\xampp\\htdocs\\test_project\\src\\vendor\\laravel\\framework\\src\\Illuminate\\Container\\Util.php(43): Illuminate\\Container\\BoundMethod::Illuminate\\Container\\{closure}()
#39 C:\\xampp\\htdocs\\test_project\\src\\vendor\\laravel\\framework\\src\\Illuminate\\Container\\BoundMethod.php(95): Illuminate\\Container\\Util::unwrapIfClosure(Object(Closure))
#40 C:\\xampp\\htdocs\\test_project\\src\\vendor\\laravel\\framework\\src\\Illuminate\\Container\\BoundMethod.php(35): Illuminate\\Container\\BoundMethod::callBoundMethod(Object(Illuminate\\Foundation\\Application), Array, Object(Closure))
#41 C:\\xampp\\htdocs\\test_project\\src\\vendor\\laravel\\framework\\src\\Illuminate\\Container\\Container.php(696): Illuminate\\Container\\BoundMethod::call(Object(Illuminate\\Foundation\\Application), Array, Array, NULL)
#42 C:\\xampp\\htdocs\\test_project\\src\\vendor\\laravel\\framework\\src\\Illuminate\\Console\\Command.php(213): Illuminate\\Container\\Container->call(Array)
#43 C:\\xampp\\htdocs\\test_project\\src\\vendor\\symfony\\console\\Command\\Command.php(279): Illuminate\\Console\\Command->execute(Object(Symfony\\Component\\Console\\Input\\ArgvInput), Object(Illuminate\\Console\\OutputStyle))
#44 C:\\xampp\\htdocs\\test_project\\src\\vendor\\laravel\\framework\\src\\Illuminate\\Console\\Command.php(182): Symfony\\Component\\Console\\Command\\Command->run(Object(Symfony\\Component\\Console\\Input\\ArgvInput), Object(Illuminate\\Console\\OutputStyle))
#45 C:\\xampp\\htdocs\\test_project\\src\\vendor\\symfony\\console\\Application.php(1094): Illuminate\\Console\\Command->run(Object(Symfony\\Component\\Console\\Input\\ArgvInput), Object(Symfony\\Component\\Console\\Output\\ConsoleOutput))
#46 C:\\xampp\\htdocs\\test_project\\src\\vendor\\symfony\\console\\Application.php(342): Symfony\\Component\\Console\\Application->doRunCommand(Object(Illuminate\\Queue\\Console\\WorkCommand), Object(Symfony\\Component\\Console\\Input\\ArgvInput), Object(Symfony\\Component\\Console\\Output\\ConsoleOutput))
#47 C:\\xampp\\htdocs\\test_project\\src\\vendor\\symfony\\console\\Application.php(193): Symfony\\Component\\Console\\Application->doRun(Object(Symfony\\Component\\Console\\Input\\ArgvInput), Object(Symfony\\Component\\Console\\Output\\ConsoleOutput))
#48 C:\\xampp\\htdocs\\test_project\\src\\vendor\\laravel\\framework\\src\\Illuminate\\Foundation\\Console\\Kernel.php(198): Symfony\\Component\\Console\\Application->run(Object(Symfony\\Component\\Console\\Input\\ArgvInput), Object(Symfony\\Component\\Console\\Output\\ConsoleOutput))
#49 C:\\xampp\\htdocs\\test_project\\src\\vendor\\laravel\\framework\\src\\Illuminate\\Foundation\\Application.php(1235): Illuminate\\Foundation\\Console\\Kernel->handle(Object(Symfony\\Component\\Console\\Input\\ArgvInput), Object(Symfony\\Component\\Console\\Output\\ConsoleOutput))
#50 C:\\xampp\\htdocs\\test_project\\src\\artisan(13): Illuminate\\Foundation\\Application->handleCommand(Object(Symfony\\Component\\Console\\Input\\ArgvInput))
#51 {main}
"} 
[2025-04-04 03:53:45] local.ERROR: Call to undefined function App\Providers\getLanguage() {"exception":"[object] (Error(code: 0): Call to undefined function App\\Providers\\getLanguage() at C:\\xampp\\htdocs\\test_project\\src\\app\\Providers\\AppServiceProvider.php:34)
[stacktrace]
#0 C:\\xampp\\htdocs\\test_project\\src\\vendor\\laravel\\framework\\src\\Illuminate\\View\\Concerns\\ManagesEvents.php(162): App\\Providers\\AppServiceProvider->App\\Providers\\{closure}(Object(Illuminate\\View\\View))
#1 C:\\xampp\\htdocs\\test_project\\src\\vendor\\laravel\\framework\\src\\Illuminate\\Events\\Dispatcher.php(456): Illuminate\\View\\Factory->Illuminate\\View\\Concerns\\{closure}('composing: send...', Array)
#2 C:\\xampp\\htdocs\\test_project\\src\\vendor\\laravel\\framework\\src\\Illuminate\\Events\\Dispatcher.php(287): Illuminate\\Events\\Dispatcher->Illuminate\\Events\\{closure}('composing: send...', Array)
#3 C:\\xampp\\htdocs\\test_project\\src\\vendor\\laravel\\framework\\src\\Illuminate\\Events\\Dispatcher.php(267): Illuminate\\Events\\Dispatcher->invokeListeners('composing: send...', Array, false)
#4 C:\\xampp\\htdocs\\test_project\\src\\vendor\\laravel\\framework\\src\\Illuminate\\View\\Concerns\\ManagesEvents.php(178): Illuminate\\Events\\Dispatcher->dispatch('composing: send...', Array)
#5 C:\\xampp\\htdocs\\test_project\\src\\vendor\\laravel\\framework\\src\\Illuminate\\View\\View.php(190): Illuminate\\View\\Factory->callComposer(Object(Illuminate\\View\\View))
#6 C:\\xampp\\htdocs\\test_project\\src\\vendor\\laravel\\framework\\src\\Illuminate\\View\\View.php(161): Illuminate\\View\\View->renderContents()
#7 C:\\xampp\\htdocs\\test_project\\src\\vendor\\laravel\\framework\\src\\Illuminate\\Mail\\Mailer.php(445): Illuminate\\View\\View->render()
#8 C:\\xampp\\htdocs\\test_project\\src\\vendor\\laravel\\framework\\src\\Illuminate\\Mail\\Mailer.php(420): Illuminate\\Mail\\Mailer->renderView('sendEmail.clien...', Array)
#9 C:\\xampp\\htdocs\\test_project\\src\\vendor\\laravel\\framework\\src\\Illuminate\\Mail\\Mailer.php(313): Illuminate\\Mail\\Mailer->addContent(Object(Illuminate\\Mail\\Message), 'sendEmail.clien...', NULL, NULL, Array)
#10 C:\\xampp\\htdocs\\test_project\\src\\vendor\\laravel\\framework\\src\\Illuminate\\Mail\\Mailable.php(206): Illuminate\\Mail\\Mailer->send('sendEmail.clien...', Array, Object(Closure))
#11 C:\\xampp\\htdocs\\test_project\\src\\vendor\\laravel\\framework\\src\\Illuminate\\Support\\Traits\\Localizable.php(19): Illuminate\\Mail\\Mailable->Illuminate\\Mail\\{closure}()
#12 C:\\xampp\\htdocs\\test_project\\src\\vendor\\laravel\\framework\\src\\Illuminate\\Mail\\Mailable.php(199): Illuminate\\Mail\\Mailable->withLocale(NULL, Object(Closure))
#13 C:\\xampp\\htdocs\\test_project\\src\\vendor\\laravel\\framework\\src\\Illuminate\\Mail\\Mailer.php(354): Illuminate\\Mail\\Mailable->send(Object(Illuminate\\Mail\\Mailer))
#14 C:\\xampp\\htdocs\\test_project\\src\\vendor\\laravel\\framework\\src\\Illuminate\\Mail\\Mailer.php(301): Illuminate\\Mail\\Mailer->sendMailable(Object(App\\Mail\\Client\\PendingAppMail))
#15 C:\\xampp\\htdocs\\test_project\\src\\vendor\\laravel\\framework\\src\\Illuminate\\Mail\\PendingMail.php(124): Illuminate\\Mail\\Mailer->send(Object(App\\Mail\\Client\\PendingAppMail))
#16 C:\\xampp\\htdocs\\test_project\\src\\app\\Jobs\\Client\\PendingAppJob.php(27): Illuminate\\Mail\\PendingMail->send(Object(App\\Mail\\Client\\PendingAppMail))
#17 C:\\xampp\\htdocs\\test_project\\src\\vendor\\laravel\\framework\\src\\Illuminate\\Container\\BoundMethod.php(36): App\\Jobs\\Client\\PendingAppJob->handle()
#18 C:\\xampp\\htdocs\\test_project\\src\\vendor\\laravel\\framework\\src\\Illuminate\\Container\\Util.php(43): Illuminate\\Container\\BoundMethod::Illuminate\\Container\\{closure}()
#19 C:\\xampp\\htdocs\\test_project\\src\\vendor\\laravel\\framework\\src\\Illuminate\\Container\\BoundMethod.php(95): Illuminate\\Container\\Util::unwrapIfClosure(Object(Closure))
#20 C:\\xampp\\htdocs\\test_project\\src\\vendor\\laravel\\framework\\src\\Illuminate\\Container\\BoundMethod.php(35): Illuminate\\Container\\BoundMethod::callBoundMethod(Object(Illuminate\\Foundation\\Application), Array, Object(Closure))
#21 C:\\xampp\\htdocs\\test_project\\src\\vendor\\laravel\\framework\\src\\Illuminate\\Container\\Container.php(696): Illuminate\\Container\\BoundMethod::call(Object(Illuminate\\Foundation\\Application), Array, Array, NULL)
#22 C:\\xampp\\htdocs\\test_project\\src\\vendor\\laravel\\framework\\src\\Illuminate\\Bus\\Dispatcher.php(126): Illuminate\\Container\\Container->call(Array)
#23 C:\\xampp\\htdocs\\test_project\\src\\vendor\\laravel\\framework\\src\\Illuminate\\Pipeline\\Pipeline.php(170): Illuminate\\Bus\\Dispatcher->Illuminate\\Bus\\{closure}(Object(App\\Jobs\\Client\\PendingAppJob))
#24 C:\\xampp\\htdocs\\test_project\\src\\vendor\\laravel\\framework\\src\\Illuminate\\Pipeline\\Pipeline.php(127): Illuminate\\Pipeline\\Pipeline->Illuminate\\Pipeline\\{closure}(Object(App\\Jobs\\Client\\PendingAppJob))
#25 C:\\xampp\\htdocs\\test_project\\src\\vendor\\laravel\\framework\\src\\Illuminate\\Bus\\Dispatcher.php(130): Illuminate\\Pipeline\\Pipeline->then(Object(Closure))
#26 C:\\xampp\\htdocs\\test_project\\src\\vendor\\laravel\\framework\\src\\Illuminate\\Queue\\CallQueuedHandler.php(126): Illuminate\\Bus\\Dispatcher->dispatchNow(Object(App\\Jobs\\Client\\PendingAppJob), false)
#27 C:\\xampp\\htdocs\\test_project\\src\\vendor\\laravel\\framework\\src\\Illuminate\\Pipeline\\Pipeline.php(170): Illuminate\\Queue\\CallQueuedHandler->Illuminate\\Queue\\{closure}(Object(App\\Jobs\\Client\\PendingAppJob))
#28 C:\\xampp\\htdocs\\test_project\\src\\vendor\\laravel\\framework\\src\\Illuminate\\Pipeline\\Pipeline.php(127): Illuminate\\Pipeline\\Pipeline->Illuminate\\Pipeline\\{closure}(Object(App\\Jobs\\Client\\PendingAppJob))
#29 C:\\xampp\\htdocs\\test_project\\src\\vendor\\laravel\\framework\\src\\Illuminate\\Queue\\CallQueuedHandler.php(121): Illuminate\\Pipeline\\Pipeline->then(Object(Closure))
#30 C:\\xampp\\htdocs\\test_project\\src\\vendor\\laravel\\framework\\src\\Illuminate\\Queue\\CallQueuedHandler.php(69): Illuminate\\Queue\\CallQueuedHandler->dispatchThroughMiddleware(Object(Illuminate\\Queue\\Jobs\\DatabaseJob), Object(App\\Jobs\\Client\\PendingAppJob))
#31 C:\\xampp\\htdocs\\test_project\\src\\vendor\\laravel\\framework\\src\\Illuminate\\Queue\\Jobs\\Job.php(102): Illuminate\\Queue\\CallQueuedHandler->call(Object(Illuminate\\Queue\\Jobs\\DatabaseJob), Array)
#32 C:\\xampp\\htdocs\\test_project\\src\\vendor\\laravel\\framework\\src\\Illuminate\\Queue\\Worker.php(442): Illuminate\\Queue\\Jobs\\Job->fire()
#33 C:\\xampp\\htdocs\\test_project\\src\\vendor\\laravel\\framework\\src\\Illuminate\\Queue\\Worker.php(392): Illuminate\\Queue\\Worker->process('database', Object(Illuminate\\Queue\\Jobs\\DatabaseJob), Object(Illuminate\\Queue\\WorkerOptions))
#34 C:\\xampp\\htdocs\\test_project\\src\\vendor\\laravel\\framework\\src\\Illuminate\\Queue\\Worker.php(178): Illuminate\\Queue\\Worker->runJob(Object(Illuminate\\Queue\\Jobs\\DatabaseJob), 'database', Object(Illuminate\\Queue\\WorkerOptions))
#35 C:\\xampp\\htdocs\\test_project\\src\\vendor\\laravel\\framework\\src\\Illuminate\\Queue\\Console\\WorkCommand.php(149): Illuminate\\Queue\\Worker->daemon('database', 'default', Object(Illuminate\\Queue\\WorkerOptions))
#36 C:\\xampp\\htdocs\\test_project\\src\\vendor\\laravel\\framework\\src\\Illuminate\\Queue\\Console\\WorkCommand.php(132): Illuminate\\Queue\\Console\\WorkCommand->runWorker('database', 'default')
#37 C:\\xampp\\htdocs\\test_project\\src\\vendor\\laravel\\framework\\src\\Illuminate\\Container\\BoundMethod.php(36): Illuminate\\Queue\\Console\\WorkCommand->handle()
#38 C:\\xampp\\htdocs\\test_project\\src\\vendor\\laravel\\framework\\src\\Illuminate\\Container\\Util.php(43): Illuminate\\Container\\BoundMethod::Illuminate\\Container\\{closure}()
#39 C:\\xampp\\htdocs\\test_project\\src\\vendor\\laravel\\framework\\src\\Illuminate\\Container\\BoundMethod.php(95): Illuminate\\Container\\Util::unwrapIfClosure(Object(Closure))
#40 C:\\xampp\\htdocs\\test_project\\src\\vendor\\laravel\\framework\\src\\Illuminate\\Container\\BoundMethod.php(35): Illuminate\\Container\\BoundMethod::callBoundMethod(Object(Illuminate\\Foundation\\Application), Array, Object(Closure))
#41 C:\\xampp\\htdocs\\test_project\\src\\vendor\\laravel\\framework\\src\\Illuminate\\Container\\Container.php(696): Illuminate\\Container\\BoundMethod::call(Object(Illuminate\\Foundation\\Application), Array, Array, NULL)
#42 C:\\xampp\\htdocs\\test_project\\src\\vendor\\laravel\\framework\\src\\Illuminate\\Console\\Command.php(213): Illuminate\\Container\\Container->call(Array)
#43 C:\\xampp\\htdocs\\test_project\\src\\vendor\\symfony\\console\\Command\\Command.php(279): Illuminate\\Console\\Command->execute(Object(Symfony\\Component\\Console\\Input\\ArgvInput), Object(Illuminate\\Console\\OutputStyle))
#44 C:\\xampp\\htdocs\\test_project\\src\\vendor\\laravel\\framework\\src\\Illuminate\\Console\\Command.php(182): Symfony\\Component\\Console\\Command\\Command->run(Object(Symfony\\Component\\Console\\Input\\ArgvInput), Object(Illuminate\\Console\\OutputStyle))
#45 C:\\xampp\\htdocs\\test_project\\src\\vendor\\symfony\\console\\Application.php(1094): Illuminate\\Console\\Command->run(Object(Symfony\\Component\\Console\\Input\\ArgvInput), Object(Symfony\\Component\\Console\\Output\\ConsoleOutput))
#46 C:\\xampp\\htdocs\\test_project\\src\\vendor\\symfony\\console\\Application.php(342): Symfony\\Component\\Console\\Application->doRunCommand(Object(Illuminate\\Queue\\Console\\WorkCommand), Object(Symfony\\Component\\Console\\Input\\ArgvInput), Object(Symfony\\Component\\Console\\Output\\ConsoleOutput))
#47 C:\\xampp\\htdocs\\test_project\\src\\vendor\\symfony\\console\\Application.php(193): Symfony\\Component\\Console\\Application->doRun(Object(Symfony\\Component\\Console\\Input\\ArgvInput), Object(Symfony\\Component\\Console\\Output\\ConsoleOutput))
#48 C:\\xampp\\htdocs\\test_project\\src\\vendor\\laravel\\framework\\src\\Illuminate\\Foundation\\Console\\Kernel.php(198): Symfony\\Component\\Console\\Application->run(Object(Symfony\\Component\\Console\\Input\\ArgvInput), Object(Symfony\\Component\\Console\\Output\\ConsoleOutput))
#49 C:\\xampp\\htdocs\\test_project\\src\\vendor\\laravel\\framework\\src\\Illuminate\\Foundation\\Application.php(1235): Illuminate\\Foundation\\Console\\Kernel->handle(Object(Symfony\\Component\\Console\\Input\\ArgvInput), Object(Symfony\\Component\\Console\\Output\\ConsoleOutput))
#50 C:\\xampp\\htdocs\\test_project\\src\\artisan(13): Illuminate\\Foundation\\Application->handleCommand(Object(Symfony\\Component\\Console\\Input\\ArgvInput))
#51 {main}
"} 
[2025-04-04 04:04:45] local.ERROR: Call to undefined function App\Providers\getLanguage() {"exception":"[object] (Error(code: 0): Call to undefined function App\\Providers\\getLanguage() at C:\\xampp\\htdocs\\test_project\\src\\app\\Providers\\AppServiceProvider.php:34)
[stacktrace]
#0 C:\\xampp\\htdocs\\test_project\\src\\vendor\\laravel\\framework\\src\\Illuminate\\View\\Concerns\\ManagesEvents.php(162): App\\Providers\\AppServiceProvider->App\\Providers\\{closure}(Object(Illuminate\\View\\View))
#1 C:\\xampp\\htdocs\\test_project\\src\\vendor\\laravel\\framework\\src\\Illuminate\\Events\\Dispatcher.php(456): Illuminate\\View\\Factory->Illuminate\\View\\Concerns\\{closure}('composing: send...', Array)
#2 C:\\xampp\\htdocs\\test_project\\src\\vendor\\laravel\\framework\\src\\Illuminate\\Events\\Dispatcher.php(287): Illuminate\\Events\\Dispatcher->Illuminate\\Events\\{closure}('composing: send...', Array)
#3 C:\\xampp\\htdocs\\test_project\\src\\vendor\\laravel\\framework\\src\\Illuminate\\Events\\Dispatcher.php(267): Illuminate\\Events\\Dispatcher->invokeListeners('composing: send...', Array, false)
#4 C:\\xampp\\htdocs\\test_project\\src\\vendor\\laravel\\framework\\src\\Illuminate\\View\\Concerns\\ManagesEvents.php(178): Illuminate\\Events\\Dispatcher->dispatch('composing: send...', Array)
#5 C:\\xampp\\htdocs\\test_project\\src\\vendor\\laravel\\framework\\src\\Illuminate\\View\\View.php(190): Illuminate\\View\\Factory->callComposer(Object(Illuminate\\View\\View))
#6 C:\\xampp\\htdocs\\test_project\\src\\vendor\\laravel\\framework\\src\\Illuminate\\View\\View.php(161): Illuminate\\View\\View->renderContents()
#7 C:\\xampp\\htdocs\\test_project\\src\\vendor\\laravel\\framework\\src\\Illuminate\\Mail\\Mailer.php(445): Illuminate\\View\\View->render()
#8 C:\\xampp\\htdocs\\test_project\\src\\vendor\\laravel\\framework\\src\\Illuminate\\Mail\\Mailer.php(420): Illuminate\\Mail\\Mailer->renderView('sendEmail.clien...', Array)
#9 C:\\xampp\\htdocs\\test_project\\src\\vendor\\laravel\\framework\\src\\Illuminate\\Mail\\Mailer.php(313): Illuminate\\Mail\\Mailer->addContent(Object(Illuminate\\Mail\\Message), 'sendEmail.clien...', NULL, NULL, Array)
#10 C:\\xampp\\htdocs\\test_project\\src\\vendor\\laravel\\framework\\src\\Illuminate\\Mail\\Mailable.php(206): Illuminate\\Mail\\Mailer->send('sendEmail.clien...', Array, Object(Closure))
#11 C:\\xampp\\htdocs\\test_project\\src\\vendor\\laravel\\framework\\src\\Illuminate\\Support\\Traits\\Localizable.php(19): Illuminate\\Mail\\Mailable->Illuminate\\Mail\\{closure}()
#12 C:\\xampp\\htdocs\\test_project\\src\\vendor\\laravel\\framework\\src\\Illuminate\\Mail\\Mailable.php(199): Illuminate\\Mail\\Mailable->withLocale(NULL, Object(Closure))
#13 C:\\xampp\\htdocs\\test_project\\src\\vendor\\laravel\\framework\\src\\Illuminate\\Mail\\Mailer.php(354): Illuminate\\Mail\\Mailable->send(Object(Illuminate\\Mail\\Mailer))
#14 C:\\xampp\\htdocs\\test_project\\src\\vendor\\laravel\\framework\\src\\Illuminate\\Mail\\Mailer.php(301): Illuminate\\Mail\\Mailer->sendMailable(Object(App\\Mail\\Client\\VerifyEmail))
#15 C:\\xampp\\htdocs\\test_project\\src\\vendor\\laravel\\framework\\src\\Illuminate\\Mail\\PendingMail.php(124): Illuminate\\Mail\\Mailer->send(Object(App\\Mail\\Client\\VerifyEmail))
#16 C:\\xampp\\htdocs\\test_project\\src\\app\\Jobs\\Client\\VerifyEmailJob.php(31): Illuminate\\Mail\\PendingMail->send(Object(App\\Mail\\Client\\VerifyEmail))
#17 C:\\xampp\\htdocs\\test_project\\src\\vendor\\laravel\\framework\\src\\Illuminate\\Container\\BoundMethod.php(36): App\\Jobs\\Client\\VerifyEmailJob->handle()
#18 C:\\xampp\\htdocs\\test_project\\src\\vendor\\laravel\\framework\\src\\Illuminate\\Container\\Util.php(43): Illuminate\\Container\\BoundMethod::Illuminate\\Container\\{closure}()
#19 C:\\xampp\\htdocs\\test_project\\src\\vendor\\laravel\\framework\\src\\Illuminate\\Container\\BoundMethod.php(95): Illuminate\\Container\\Util::unwrapIfClosure(Object(Closure))
#20 C:\\xampp\\htdocs\\test_project\\src\\vendor\\laravel\\framework\\src\\Illuminate\\Container\\BoundMethod.php(35): Illuminate\\Container\\BoundMethod::callBoundMethod(Object(Illuminate\\Foundation\\Application), Array, Object(Closure))
#21 C:\\xampp\\htdocs\\test_project\\src\\vendor\\laravel\\framework\\src\\Illuminate\\Container\\Container.php(696): Illuminate\\Container\\BoundMethod::call(Object(Illuminate\\Foundation\\Application), Array, Array, NULL)
#22 C:\\xampp\\htdocs\\test_project\\src\\vendor\\laravel\\framework\\src\\Illuminate\\Bus\\Dispatcher.php(126): Illuminate\\Container\\Container->call(Array)
#23 C:\\xampp\\htdocs\\test_project\\src\\vendor\\laravel\\framework\\src\\Illuminate\\Pipeline\\Pipeline.php(170): Illuminate\\Bus\\Dispatcher->Illuminate\\Bus\\{closure}(Object(App\\Jobs\\Client\\VerifyEmailJob))
#24 C:\\xampp\\htdocs\\test_project\\src\\vendor\\laravel\\framework\\src\\Illuminate\\Pipeline\\Pipeline.php(127): Illuminate\\Pipeline\\Pipeline->Illuminate\\Pipeline\\{closure}(Object(App\\Jobs\\Client\\VerifyEmailJob))
#25 C:\\xampp\\htdocs\\test_project\\src\\vendor\\laravel\\framework\\src\\Illuminate\\Bus\\Dispatcher.php(130): Illuminate\\Pipeline\\Pipeline->then(Object(Closure))
#26 C:\\xampp\\htdocs\\test_project\\src\\vendor\\laravel\\framework\\src\\Illuminate\\Queue\\CallQueuedHandler.php(126): Illuminate\\Bus\\Dispatcher->dispatchNow(Object(App\\Jobs\\Client\\VerifyEmailJob), false)
#27 C:\\xampp\\htdocs\\test_project\\src\\vendor\\laravel\\framework\\src\\Illuminate\\Pipeline\\Pipeline.php(170): Illuminate\\Queue\\CallQueuedHandler->Illuminate\\Queue\\{closure}(Object(App\\Jobs\\Client\\VerifyEmailJob))
#28 C:\\xampp\\htdocs\\test_project\\src\\vendor\\laravel\\framework\\src\\Illuminate\\Pipeline\\Pipeline.php(127): Illuminate\\Pipeline\\Pipeline->Illuminate\\Pipeline\\{closure}(Object(App\\Jobs\\Client\\VerifyEmailJob))
#29 C:\\xampp\\htdocs\\test_project\\src\\vendor\\laravel\\framework\\src\\Illuminate\\Queue\\CallQueuedHandler.php(121): Illuminate\\Pipeline\\Pipeline->then(Object(Closure))
#30 C:\\xampp\\htdocs\\test_project\\src\\vendor\\laravel\\framework\\src\\Illuminate\\Queue\\CallQueuedHandler.php(69): Illuminate\\Queue\\CallQueuedHandler->dispatchThroughMiddleware(Object(Illuminate\\Queue\\Jobs\\DatabaseJob), Object(App\\Jobs\\Client\\VerifyEmailJob))
#31 C:\\xampp\\htdocs\\test_project\\src\\vendor\\laravel\\framework\\src\\Illuminate\\Queue\\Jobs\\Job.php(102): Illuminate\\Queue\\CallQueuedHandler->call(Object(Illuminate\\Queue\\Jobs\\DatabaseJob), Array)
#32 C:\\xampp\\htdocs\\test_project\\src\\vendor\\laravel\\framework\\src\\Illuminate\\Queue\\Worker.php(442): Illuminate\\Queue\\Jobs\\Job->fire()
#33 C:\\xampp\\htdocs\\test_project\\src\\vendor\\laravel\\framework\\src\\Illuminate\\Queue\\Worker.php(392): Illuminate\\Queue\\Worker->process('database', Object(Illuminate\\Queue\\Jobs\\DatabaseJob), Object(Illuminate\\Queue\\WorkerOptions))
#34 C:\\xampp\\htdocs\\test_project\\src\\vendor\\laravel\\framework\\src\\Illuminate\\Queue\\Worker.php(178): Illuminate\\Queue\\Worker->runJob(Object(Illuminate\\Queue\\Jobs\\DatabaseJob), 'database', Object(Illuminate\\Queue\\WorkerOptions))
#35 C:\\xampp\\htdocs\\test_project\\src\\vendor\\laravel\\framework\\src\\Illuminate\\Queue\\Console\\WorkCommand.php(149): Illuminate\\Queue\\Worker->daemon('database', 'default', Object(Illuminate\\Queue\\WorkerOptions))
#36 C:\\xampp\\htdocs\\test_project\\src\\vendor\\laravel\\framework\\src\\Illuminate\\Queue\\Console\\WorkCommand.php(132): Illuminate\\Queue\\Console\\WorkCommand->runWorker('database', 'default')
#37 C:\\xampp\\htdocs\\test_project\\src\\vendor\\laravel\\framework\\src\\Illuminate\\Container\\BoundMethod.php(36): Illuminate\\Queue\\Console\\WorkCommand->handle()
#38 C:\\xampp\\htdocs\\test_project\\src\\vendor\\laravel\\framework\\src\\Illuminate\\Container\\Util.php(43): Illuminate\\Container\\BoundMethod::Illuminate\\Container\\{closure}()
#39 C:\\xampp\\htdocs\\test_project\\src\\vendor\\laravel\\framework\\src\\Illuminate\\Container\\BoundMethod.php(95): Illuminate\\Container\\Util::unwrapIfClosure(Object(Closure))
#40 C:\\xampp\\htdocs\\test_project\\src\\vendor\\laravel\\framework\\src\\Illuminate\\Container\\BoundMethod.php(35): Illuminate\\Container\\BoundMethod::callBoundMethod(Object(Illuminate\\Foundation\\Application), Array, Object(Closure))
#41 C:\\xampp\\htdocs\\test_project\\src\\vendor\\laravel\\framework\\src\\Illuminate\\Container\\Container.php(696): Illuminate\\Container\\BoundMethod::call(Object(Illuminate\\Foundation\\Application), Array, Array, NULL)
#42 C:\\xampp\\htdocs\\test_project\\src\\vendor\\laravel\\framework\\src\\Illuminate\\Console\\Command.php(213): Illuminate\\Container\\Container->call(Array)
#43 C:\\xampp\\htdocs\\test_project\\src\\vendor\\symfony\\console\\Command\\Command.php(279): Illuminate\\Console\\Command->execute(Object(Symfony\\Component\\Console\\Input\\ArgvInput), Object(Illuminate\\Console\\OutputStyle))
#44 C:\\xampp\\htdocs\\test_project\\src\\vendor\\laravel\\framework\\src\\Illuminate\\Console\\Command.php(182): Symfony\\Component\\Console\\Command\\Command->run(Object(Symfony\\Component\\Console\\Input\\ArgvInput), Object(Illuminate\\Console\\OutputStyle))
#45 C:\\xampp\\htdocs\\test_project\\src\\vendor\\symfony\\console\\Application.php(1094): Illuminate\\Console\\Command->run(Object(Symfony\\Component\\Console\\Input\\ArgvInput), Object(Symfony\\Component\\Console\\Output\\ConsoleOutput))
#46 C:\\xampp\\htdocs\\test_project\\src\\vendor\\symfony\\console\\Application.php(342): Symfony\\Component\\Console\\Application->doRunCommand(Object(Illuminate\\Queue\\Console\\WorkCommand), Object(Symfony\\Component\\Console\\Input\\ArgvInput), Object(Symfony\\Component\\Console\\Output\\ConsoleOutput))
#47 C:\\xampp\\htdocs\\test_project\\src\\vendor\\symfony\\console\\Application.php(193): Symfony\\Component\\Console\\Application->doRun(Object(Symfony\\Component\\Console\\Input\\ArgvInput), Object(Symfony\\Component\\Console\\Output\\ConsoleOutput))
#48 C:\\xampp\\htdocs\\test_project\\src\\vendor\\laravel\\framework\\src\\Illuminate\\Foundation\\Console\\Kernel.php(198): Symfony\\Component\\Console\\Application->run(Object(Symfony\\Component\\Console\\Input\\ArgvInput), Object(Symfony\\Component\\Console\\Output\\ConsoleOutput))
#49 C:\\xampp\\htdocs\\test_project\\src\\vendor\\laravel\\framework\\src\\Illuminate\\Foundation\\Application.php(1235): Illuminate\\Foundation\\Console\\Kernel->handle(Object(Symfony\\Component\\Console\\Input\\ArgvInput), Object(Symfony\\Component\\Console\\Output\\ConsoleOutput))
#50 C:\\xampp\\htdocs\\test_project\\src\\artisan(13): Illuminate\\Foundation\\Application->handleCommand(Object(Symfony\\Component\\Console\\Input\\ArgvInput))
#51 {main}
"} 
[2025-04-04 04:10:10] local.ERROR: Call to undefined function App\Providers\getLanguage() {"exception":"[object] (Error(code: 0): Call to undefined function App\\Providers\\getLanguage() at C:\\xampp\\htdocs\\test_project\\src\\app\\Providers\\AppServiceProvider.php:34)
[stacktrace]
#0 C:\\xampp\\htdocs\\test_project\\src\\vendor\\laravel\\framework\\src\\Illuminate\\View\\Concerns\\ManagesEvents.php(162): App\\Providers\\AppServiceProvider->App\\Providers\\{closure}(Object(Illuminate\\View\\View))
#1 C:\\xampp\\htdocs\\test_project\\src\\vendor\\laravel\\framework\\src\\Illuminate\\Events\\Dispatcher.php(456): Illuminate\\View\\Factory->Illuminate\\View\\Concerns\\{closure}('composing: send...', Array)
#2 C:\\xampp\\htdocs\\test_project\\src\\vendor\\laravel\\framework\\src\\Illuminate\\Events\\Dispatcher.php(287): Illuminate\\Events\\Dispatcher->Illuminate\\Events\\{closure}('composing: send...', Array)
#3 C:\\xampp\\htdocs\\test_project\\src\\vendor\\laravel\\framework\\src\\Illuminate\\Events\\Dispatcher.php(267): Illuminate\\Events\\Dispatcher->invokeListeners('composing: send...', Array, false)
#4 C:\\xampp\\htdocs\\test_project\\src\\vendor\\laravel\\framework\\src\\Illuminate\\View\\Concerns\\ManagesEvents.php(178): Illuminate\\Events\\Dispatcher->dispatch('composing: send...', Array)
#5 C:\\xampp\\htdocs\\test_project\\src\\vendor\\laravel\\framework\\src\\Illuminate\\View\\View.php(190): Illuminate\\View\\Factory->callComposer(Object(Illuminate\\View\\View))
#6 C:\\xampp\\htdocs\\test_project\\src\\vendor\\laravel\\framework\\src\\Illuminate\\View\\View.php(161): Illuminate\\View\\View->renderContents()
#7 C:\\xampp\\htdocs\\test_project\\src\\vendor\\laravel\\framework\\src\\Illuminate\\Mail\\Mailer.php(445): Illuminate\\View\\View->render()
#8 C:\\xampp\\htdocs\\test_project\\src\\vendor\\laravel\\framework\\src\\Illuminate\\Mail\\Mailer.php(420): Illuminate\\Mail\\Mailer->renderView('sendEmail.clien...', Array)
#9 C:\\xampp\\htdocs\\test_project\\src\\vendor\\laravel\\framework\\src\\Illuminate\\Mail\\Mailer.php(313): Illuminate\\Mail\\Mailer->addContent(Object(Illuminate\\Mail\\Message), 'sendEmail.clien...', NULL, NULL, Array)
#10 C:\\xampp\\htdocs\\test_project\\src\\vendor\\laravel\\framework\\src\\Illuminate\\Mail\\Mailable.php(206): Illuminate\\Mail\\Mailer->send('sendEmail.clien...', Array, Object(Closure))
#11 C:\\xampp\\htdocs\\test_project\\src\\vendor\\laravel\\framework\\src\\Illuminate\\Support\\Traits\\Localizable.php(19): Illuminate\\Mail\\Mailable->Illuminate\\Mail\\{closure}()
#12 C:\\xampp\\htdocs\\test_project\\src\\vendor\\laravel\\framework\\src\\Illuminate\\Mail\\Mailable.php(199): Illuminate\\Mail\\Mailable->withLocale(NULL, Object(Closure))
#13 C:\\xampp\\htdocs\\test_project\\src\\vendor\\laravel\\framework\\src\\Illuminate\\Mail\\Mailer.php(354): Illuminate\\Mail\\Mailable->send(Object(Illuminate\\Mail\\Mailer))
#14 C:\\xampp\\htdocs\\test_project\\src\\vendor\\laravel\\framework\\src\\Illuminate\\Mail\\Mailer.php(301): Illuminate\\Mail\\Mailer->sendMailable(Object(App\\Mail\\Client\\SuccessAppMail))
#15 C:\\xampp\\htdocs\\test_project\\src\\vendor\\laravel\\framework\\src\\Illuminate\\Mail\\PendingMail.php(124): Illuminate\\Mail\\Mailer->send(Object(App\\Mail\\Client\\SuccessAppMail))
#16 C:\\xampp\\htdocs\\test_project\\src\\app\\Jobs\\Client\\SuccessAppJob.php(22): Illuminate\\Mail\\PendingMail->send(Object(App\\Mail\\Client\\SuccessAppMail))
#17 C:\\xampp\\htdocs\\test_project\\src\\vendor\\laravel\\framework\\src\\Illuminate\\Container\\BoundMethod.php(36): App\\Jobs\\Client\\SuccessAppJob->handle()
#18 C:\\xampp\\htdocs\\test_project\\src\\vendor\\laravel\\framework\\src\\Illuminate\\Container\\Util.php(43): Illuminate\\Container\\BoundMethod::Illuminate\\Container\\{closure}()
#19 C:\\xampp\\htdocs\\test_project\\src\\vendor\\laravel\\framework\\src\\Illuminate\\Container\\BoundMethod.php(95): Illuminate\\Container\\Util::unwrapIfClosure(Object(Closure))
#20 C:\\xampp\\htdocs\\test_project\\src\\vendor\\laravel\\framework\\src\\Illuminate\\Container\\BoundMethod.php(35): Illuminate\\Container\\BoundMethod::callBoundMethod(Object(Illuminate\\Foundation\\Application), Array, Object(Closure))
#21 C:\\xampp\\htdocs\\test_project\\src\\vendor\\laravel\\framework\\src\\Illuminate\\Container\\Container.php(696): Illuminate\\Container\\BoundMethod::call(Object(Illuminate\\Foundation\\Application), Array, Array, NULL)
#22 C:\\xampp\\htdocs\\test_project\\src\\vendor\\laravel\\framework\\src\\Illuminate\\Bus\\Dispatcher.php(126): Illuminate\\Container\\Container->call(Array)
#23 C:\\xampp\\htdocs\\test_project\\src\\vendor\\laravel\\framework\\src\\Illuminate\\Pipeline\\Pipeline.php(170): Illuminate\\Bus\\Dispatcher->Illuminate\\Bus\\{closure}(Object(App\\Jobs\\Client\\SuccessAppJob))
#24 C:\\xampp\\htdocs\\test_project\\src\\vendor\\laravel\\framework\\src\\Illuminate\\Pipeline\\Pipeline.php(127): Illuminate\\Pipeline\\Pipeline->Illuminate\\Pipeline\\{closure}(Object(App\\Jobs\\Client\\SuccessAppJob))
#25 C:\\xampp\\htdocs\\test_project\\src\\vendor\\laravel\\framework\\src\\Illuminate\\Bus\\Dispatcher.php(130): Illuminate\\Pipeline\\Pipeline->then(Object(Closure))
#26 C:\\xampp\\htdocs\\test_project\\src\\vendor\\laravel\\framework\\src\\Illuminate\\Queue\\CallQueuedHandler.php(126): Illuminate\\Bus\\Dispatcher->dispatchNow(Object(App\\Jobs\\Client\\SuccessAppJob), false)
#27 C:\\xampp\\htdocs\\test_project\\src\\vendor\\laravel\\framework\\src\\Illuminate\\Pipeline\\Pipeline.php(170): Illuminate\\Queue\\CallQueuedHandler->Illuminate\\Queue\\{closure}(Object(App\\Jobs\\Client\\SuccessAppJob))
#28 C:\\xampp\\htdocs\\test_project\\src\\vendor\\laravel\\framework\\src\\Illuminate\\Pipeline\\Pipeline.php(127): Illuminate\\Pipeline\\Pipeline->Illuminate\\Pipeline\\{closure}(Object(App\\Jobs\\Client\\SuccessAppJob))
#29 C:\\xampp\\htdocs\\test_project\\src\\vendor\\laravel\\framework\\src\\Illuminate\\Queue\\CallQueuedHandler.php(121): Illuminate\\Pipeline\\Pipeline->then(Object(Closure))
#30 C:\\xampp\\htdocs\\test_project\\src\\vendor\\laravel\\framework\\src\\Illuminate\\Queue\\CallQueuedHandler.php(69): Illuminate\\Queue\\CallQueuedHandler->dispatchThroughMiddleware(Object(Illuminate\\Queue\\Jobs\\DatabaseJob), Object(App\\Jobs\\Client\\SuccessAppJob))
#31 C:\\xampp\\htdocs\\test_project\\src\\vendor\\laravel\\framework\\src\\Illuminate\\Queue\\Jobs\\Job.php(102): Illuminate\\Queue\\CallQueuedHandler->call(Object(Illuminate\\Queue\\Jobs\\DatabaseJob), Array)
#32 C:\\xampp\\htdocs\\test_project\\src\\vendor\\laravel\\framework\\src\\Illuminate\\Queue\\Worker.php(442): Illuminate\\Queue\\Jobs\\Job->fire()
#33 C:\\xampp\\htdocs\\test_project\\src\\vendor\\laravel\\framework\\src\\Illuminate\\Queue\\Worker.php(392): Illuminate\\Queue\\Worker->process('database', Object(Illuminate\\Queue\\Jobs\\DatabaseJob), Object(Illuminate\\Queue\\WorkerOptions))
#34 C:\\xampp\\htdocs\\test_project\\src\\vendor\\laravel\\framework\\src\\Illuminate\\Queue\\Worker.php(178): Illuminate\\Queue\\Worker->runJob(Object(Illuminate\\Queue\\Jobs\\DatabaseJob), 'database', Object(Illuminate\\Queue\\WorkerOptions))
#35 C:\\xampp\\htdocs\\test_project\\src\\vendor\\laravel\\framework\\src\\Illuminate\\Queue\\Console\\WorkCommand.php(149): Illuminate\\Queue\\Worker->daemon('database', 'default', Object(Illuminate\\Queue\\WorkerOptions))
#36 C:\\xampp\\htdocs\\test_project\\src\\vendor\\laravel\\framework\\src\\Illuminate\\Queue\\Console\\WorkCommand.php(132): Illuminate\\Queue\\Console\\WorkCommand->runWorker('database', 'default')
#37 C:\\xampp\\htdocs\\test_project\\src\\vendor\\laravel\\framework\\src\\Illuminate\\Container\\BoundMethod.php(36): Illuminate\\Queue\\Console\\WorkCommand->handle()
#38 C:\\xampp\\htdocs\\test_project\\src\\vendor\\laravel\\framework\\src\\Illuminate\\Container\\Util.php(43): Illuminate\\Container\\BoundMethod::Illuminate\\Container\\{closure}()
#39 C:\\xampp\\htdocs\\test_project\\src\\vendor\\laravel\\framework\\src\\Illuminate\\Container\\BoundMethod.php(95): Illuminate\\Container\\Util::unwrapIfClosure(Object(Closure))
#40 C:\\xampp\\htdocs\\test_project\\src\\vendor\\laravel\\framework\\src\\Illuminate\\Container\\BoundMethod.php(35): Illuminate\\Container\\BoundMethod::callBoundMethod(Object(Illuminate\\Foundation\\Application), Array, Object(Closure))
#41 C:\\xampp\\htdocs\\test_project\\src\\vendor\\laravel\\framework\\src\\Illuminate\\Container\\Container.php(696): Illuminate\\Container\\BoundMethod::call(Object(Illuminate\\Foundation\\Application), Array, Array, NULL)
#42 C:\\xampp\\htdocs\\test_project\\src\\vendor\\laravel\\framework\\src\\Illuminate\\Console\\Command.php(213): Illuminate\\Container\\Container->call(Array)
#43 C:\\xampp\\htdocs\\test_project\\src\\vendor\\symfony\\console\\Command\\Command.php(279): Illuminate\\Console\\Command->execute(Object(Symfony\\Component\\Console\\Input\\ArgvInput), Object(Illuminate\\Console\\OutputStyle))
#44 C:\\xampp\\htdocs\\test_project\\src\\vendor\\laravel\\framework\\src\\Illuminate\\Console\\Command.php(182): Symfony\\Component\\Console\\Command\\Command->run(Object(Symfony\\Component\\Console\\Input\\ArgvInput), Object(Illuminate\\Console\\OutputStyle))
#45 C:\\xampp\\htdocs\\test_project\\src\\vendor\\symfony\\console\\Application.php(1094): Illuminate\\Console\\Command->run(Object(Symfony\\Component\\Console\\Input\\ArgvInput), Object(Symfony\\Component\\Console\\Output\\ConsoleOutput))
#46 C:\\xampp\\htdocs\\test_project\\src\\vendor\\symfony\\console\\Application.php(342): Symfony\\Component\\Console\\Application->doRunCommand(Object(Illuminate\\Queue\\Console\\WorkCommand), Object(Symfony\\Component\\Console\\Input\\ArgvInput), Object(Symfony\\Component\\Console\\Output\\ConsoleOutput))
#47 C:\\xampp\\htdocs\\test_project\\src\\vendor\\symfony\\console\\Application.php(193): Symfony\\Component\\Console\\Application->doRun(Object(Symfony\\Component\\Console\\Input\\ArgvInput), Object(Symfony\\Component\\Console\\Output\\ConsoleOutput))
#48 C:\\xampp\\htdocs\\test_project\\src\\vendor\\laravel\\framework\\src\\Illuminate\\Foundation\\Console\\Kernel.php(198): Symfony\\Component\\Console\\Application->run(Object(Symfony\\Component\\Console\\Input\\ArgvInput), Object(Symfony\\Component\\Console\\Output\\ConsoleOutput))
#49 C:\\xampp\\htdocs\\test_project\\src\\vendor\\laravel\\framework\\src\\Illuminate\\Foundation\\Application.php(1235): Illuminate\\Foundation\\Console\\Kernel->handle(Object(Symfony\\Component\\Console\\Input\\ArgvInput), Object(Symfony\\Component\\Console\\Output\\ConsoleOutput))
#50 C:\\xampp\\htdocs\\test_project\\src\\artisan(13): Illuminate\\Foundation\\Application->handleCommand(Object(Symfony\\Component\\Console\\Input\\ArgvInput))
#51 {main}
"} 
